
> portfolio-astro@0.0.1 build
> astro build

18:45:23 [content] Syncing content
18:45:24 [content] Synced content
18:45:24 [types] Generated 304ms
18:45:24 [build] output: "static"
18:45:24 [build] mode: "static"
18:45:24 [build] directory: C:\Dev\Projects\portfolio\dist\
18:45:24 [build] adapter: @astrojs/vercel
18:45:24 [build] Collecting build info...
18:45:24 [build] ✓ Completed in 320ms.
18:45:24 [build] Building static entrypoints...
18:45:25 [ERROR] [vite] [31m✗[39m Build failed in 1.02s
[@tailwindcss/vite:generate:build] Cannot apply unknown utility class `bg-card/80`
file: C:/Dev/Projects/portfolio/src/styles/global.css
  Stack trace:
    at onInvalidCandidate (file:///C:/Dev/Projects/portfolio/node_modules/tailwindcss/dist/chunk-U5SIPDGO.mjs:18:1529)
    at file:///C:/Dev/Projects/portfolio/node_modules/tailwindcss/dist/chunk-U5SIPDGO.mjs:18:373
    at Oe (file:///C:/Dev/Projects/portfolio/node_modules/tailwindcss/dist/chunk-U5SIPDGO.mjs:18:172)
    at async mn (file:///C:/Dev/Projects/portfolio/node_modules/tailwindcss/dist/chunk-U5SIPDGO.mjs:35:1123)
    at async $a (file:///C:/Dev/Projects/portfolio/node_modules/@tailwindcss/node/dist/index.mjs:10:3433)
